<?xml version="1.0"?>
<?xml-model href="https://pds.nasa.gov/pds4/pds/v1/PDS4_PDS_1F00.sch" schematypens="http://purl.oclc.org/dsdl/schematron"?>
<Product_Bundle xmlns="http://pds.nasa.gov/pds4/pds/v1" xmlns:pds="http://pds.nasa.gov/pds4/pds/v1" xmlns:xsi="http://www.w3.org/2001/XMLSchema-instance" xsi:schemaLocation="http://pds.nasa.gov/pds4/pds/v1 https://pds.nasa.gov/pds4/pds/v1/PDS4_PDS_1F00.xsd">
  <Identification_Area>
    <logical_identifier>urn:nasa:pds:hst_09059</logical_identifier>
    <version_id>1.3</version_id>
    <title>This bundle contains images obtained from HST Observing Program
9059.</title>
    <information_model_version>1.15.0.0</information_model_version>
    <product_class>Product_Bundle</product_class>
    <Citation_Information>
      <author_list>{author_1}, {author_2}</author_list>
      <publication_year>2021</publication_year>
      <doi>10.1/2</doi>
      <description>{author_1}, {author_2}, "{title}", HST Cycle 1 Program 99999, 2021.</description>
    </Citation_Information>
    <Modification_History>
      <Modification_Detail>
        <modification_date>2016-04-20</modification_date>
        <version_id>1.0</version_id>
        <description>Initial PDS4 version</description>
      </Modification_Detail>
    </Modification_History>
  </Identification_Area>
  <Context_Area>
    <Target_Identification>
      <name>762 Pulcova</name>
      <alternate_designation>(762) Pulcova</alternate_designation>
      <alternate_designation>(762) 1913SQ</alternate_designation>
      <alternate_designation>1913SQ</alternate_designation>
      <alternate_designation>(762) 1952 QM1</alternate_designation>
      <alternate_designation>1952 QM1</alternate_designation>
      <alternate_designation>Pulcova</alternate_designation>
      <alternate_designation>Minor Planet 762</alternate_designation>
      <alternate_designation>NAIF ID 2000762</alternate_designation>
      <type>Asteroid</type>
      <Internal_Reference>
        <lid_reference>urn:nasa:pds:context:target:asteroid.762_pulcova</lid_reference>
        <reference_type>bundle_to_target</reference_type>
      </Internal_Reference>
    </Target_Identification>
  </Context_Area>
  <Bundle>
    <bundle_type>Archive</bundle_type>
  </Bundle>
  <Bundle_Member_Entry>
    <lidvid_reference>urn:nasa:pds:hst_09059:data_acs_raw::1.2</lidvid_reference>
    <member_status>Primary</member_status>
    <reference_type>bundle_has_data_collection</reference_type>
  </Bundle_Member_Entry>
</Product_Bundle>
