<?xml version="1.0"?>
<?xml-model href="https://pds.nasa.gov/pds4/pds/v1/PDS4_PDS_1D00.sch" schematypens="http://purl.oclc.org/dsdl/schematron"?>
<Product_Collection xmlns="http://pds.nasa.gov/pds4/pds/v1" xmlns:pds="http://pds.nasa.gov/pds4/pds/v1" xmlns:xsi="http://www.w3.org/2001/XMLSchema-instance" xsi:schemaLocation="http://pds.nasa.gov/pds4/pds/v1 https://pds.nasa.gov/pds4/pds/v1/PDS4_PDS_1D00.xsd">
  <Identification_Area>
    <logical_identifier>urn:nasa:pds:hst_09059:data_acs_raw</logical_identifier>
    <version_id>1.2</version_id>
    <title>This collection contains the raw images obtained from HST Observing Program 9059.</title>
    <information_model_version>1.13.0.0</information_model_version>
    <product_class>Product_Collection</product_class>
    <Citation_Information>
      <publication_year>1992</publication_year>
      <description>{author_1}, {author_2}, "{title}", HST Cycle 1 Program 99999, 1992.</description>
    </Citation_Information>
  </Identification_Area>
  <Collection>
    <collection_type>Data</collection_type>
  </Collection>
  <File_Area_Inventory>
    <File>
      <file_name>collection_data.csv</file_name>
    </File>
    <Inventory>
      <offset unit="byte">0</offset>
      <parsing_standard_id>PDS DSV 1</parsing_standard_id>
      <records>1</records>
      <record_delimiter>Carriage-Return Line-Feed</record_delimiter>
      <field_delimiter>Comma</field_delimiter>
      <Record_Delimited>
        <fields>2</fields>
        <groups>0</groups>
        <Field_Delimited>
          <name>Member Status</name>
          <field_number>1</field_number>
          <data_type>ASCII_String</data_type>
          <maximum_field_length unit="byte">1</maximum_field_length>
        </Field_Delimited>
        <Field_Delimited>
          <name>LIDVID_LID</name>
          <field_number>2</field_number>
          <data_type>ASCII_LIDVID_LID</data_type>
          <maximum_field_length unit="byte">255</maximum_field_length>
        </Field_Delimited>
      </Record_Delimited>
      <reference_type>inventory_has_member_product</reference_type>
    </Inventory>
  </File_Area_Inventory>
</Product_Collection>
