<?xml version="1.0"?>
<hst:HST>
  <hst:Parameters_General>
    <hst:mast_observation_id>jbz504eoq</hst:mast_observation_id>
    <hst:hst_proposal_id>13012</hst:hst_proposal_id>
    <hst:hst_pi_name>Lamy, Laurent </hst:hst_pi_name>
    <hst:exposure_duration unit="s">270.0</hst:exposure_duration>
    <hst:hst_target_name>URANUS</hst:hst_target_name>
    <hst:aperture_name>SBC</hst:aperture_name>
    <hst:exposure_type>normal</hst:exposure_type>
    <hst:filter_name>f165lp+n/a</hst:filter_name>
    <hst:fine_guidance_system_lock_type>fine</hst:fine_guidance_system_lock_type>
    <hst:instrument_mode_id>accum</hst:instrument_mode_id>
    <hst:moving_target_flag>true</hst:moving_target_flag>
  </hst:Parameters_General>
  <hst:Parameters_ACS>
    <hst:detector_id>sbc</hst:detector_id>
    <hst:gain_mode_id>n/a</hst:gain_mode_id>
    <hst:observation_type>imaging</hst:observation_type>
    <hst:repeat_exposure_count>0</hst:repeat_exposure_count>
    <hst:subarray_flag>0</hst:subarray_flag>
  </hst:Parameters_ACS>
</hst:HST>
