<?xml version="1.0"?>
<?xml-model href="http://pds.nasa.gov/pds4/pds/v1/PDS4_PDS_1A10.sch"
            schematypens="http://purl.oclc.org/dsdl/schematron"?>
<Product_Browse xmlns="http://pds.nasa.gov/pds4/pds/v1" xmlns:pds="http://pds.nasa.gov/pds4/pds/v1" xmlns:xsi="http://www.w3.org/2001/XMLSchema-instance" xsi:schemaLocation="https://pds.nasa.gov/pds4/pds/v1/PDS4_PDS_1A10.xsd">
  <Identification_Area>
    <logical_identifier>urn:nasa:pds:hst_13012:browse_acs_raw:jbz504eoq_raw</logical_identifier>
    <version_id>2.1</version_id>
    <title>This product contains a browse image of a raw image obtained the HST Observing Program 13012.</title>
    <information_model_version>1.10.1.0</information_model_version>
    <product_class>Product_Browse</product_class>
    <Modification_History>
      <Modification_Detail>
        <modification_date>2016-04-20</modification_date>
        <version_id>0.1</version_id>
        <description>PDS4 version-in-development of the product</description>
      </Modification_Detail>
    </Modification_History>
  </Identification_Area>
  <Reference_List>
    <Internal_Reference>
      <lidvid_reference>urn:nasa:pds:hst_13012:data_acs_raw:jbz504eoq_raw::2.1</lidvid_reference>
      <reference_type>browse_to_data</reference_type>
    </Internal_Reference>
  </Reference_List>
  <File_Area_Browse>
    <File>
      <file_name>jbz504eoq_raw.jpg</file_name>
    </File>
    <Encoded_Image>
      <offset unit="byte">0</offset>
      <object_length unit="byte">5492356</object_length>
      <encoding_standard_id>JPEG</encoding_standard_id>
    </Encoded_Image>
  </File_Area_Browse>
</Product_Browse>
