<?xml version="1.0"?>
<?xml-model href="http://pds.nasa.gov/pds4/pds/v1/PDS4_PDS_1A10.sch"
            schematypens="http://purl.oclc.org/dsdl/schematron"?>
<Product_Document xmlns="http://pds.nasa.gov/pds4/pds/v1" xmlns:hst="http://pds.nasa.gov/pds4/hst/v0" xmlns:pds="http://pds.nasa.gov/pds4/pds/v1" xmlns:xsi="http://www.w3.org/2001/XMLSchema-instance" xsi:schemaLocation="http://pds.nasa.gov/pds4/pds/v1                             http://pds.nasa.gov/pds4/pds/v1/PDS4_PDS_1A10.xsd">
  <Identification_Area>
    <logical_identifier>urn:nasa:pds:hst_13012:document:phase2</logical_identifier>
    <version_id>1.0</version_id>
    <title>Summary of the observation plan for HST proposal 13012</title>
    <information_model_version>1.10.1.0</information_model_version>
    <product_class>Product_Document</product_class>
    <Citation_Information>
      <author_list>### placeholder for doc product author_list ###</author_list>
      <publication_year>2000</publication_year>
      <description>This document provides a summary of the observation plan for HST proposal 13012, ### placeholder for doc product proposal_title ###, PI ### placeholder for doc product pi_name ###, 2000.</description>
    </Citation_Information>
  </Identification_Area>
  <Reference_List>
    <Internal_Reference>
      <lidvid_reference>urn:nasa:pds:hst_13012::1.0</lidvid_reference>
      <reference_type>document_to_investigation</reference_type>
    </Internal_Reference>
  </Reference_List>
  <Document>
    <publication_date>2017-02-31</publication_date>
    <Document_Edition>
      <edition_name>0.0</edition_name>
      <language>English</language>
      <files>1</files>
      <Document_File>
        <file_name>phase2.txt</file_name>
        <document_standard_id>7-Bit ASCII Text</document_standard_id>
      </Document_File>
    </Document_Edition>
  </Document>
</Product_Document>
